// Jest Snapshot v1, https://goo.gl/fbAQLP

exports[`<Cart /> renders and matches the snapshot 1`] = `
<header>
  <Cart__CloseButton
    onClick={[Function]}
    title="close"
  >
    <button
      className="Cart__CloseButton-sc-19s6z00-1 fCUFSU"
      onClick={[Function]}
      title="close"
    >
      Ã—
    </button>
  </Cart__CloseButton>
  <Cart__Supreme>
    <h3
      className="Cart__Supreme-sc-19s6z00-2 caCbmK"
    >
      Your Cart
    </h3>
  </Cart__Supreme>
  <p>
    You Have 
    1
     Item
     In Your Cart.
  </p>
</header>
`;
