// Jest Snapshot v1, https://goo.gl/fbAQLP

exports[`<RemoveFromCart /> renders and matches the snapshot 1`] = `
<button
  className="RemoveFromCart__StyledButton-emvtd6-0 flIdSz"
  disabled={false}
  onClick={[Function]}
  title="Delete Item"
>
  Ã—
</button>
`;
