// Jest Snapshot v1, https://goo.gl/fbAQLP

exports[`<RequestReset /> renders and matches the snapshot 1`] = `
<form
  className="Form-sc-11hzieo-0 ivMStP"
  data-test="form"
  method="post"
  onSubmit={[Function]}
>
  <fieldset
    aria-busy={false}
    disabled={false}
  >
    <h2>
      Request A Password Reset
    </h2>
    <Error
      error={Object {}}
    />
    <label
      htmlFor="email"
    >
      Email
      <input
        name="email"
        onChange={[Function]}
        placeholder="E-Mail"
        type="email"
        value=""
      />
    </label>
    <button
      type="submit"
    >
      Request Reset
    </button>
  </fieldset>
</form>
`;
