// Jest Snapshot v1, https://goo.gl/fbAQLP

exports[`<SignUp /> renders and matches the snapshot 1`] = `
<form
  className="Form-sc-11hzieo-0 ivMStP"
  method="post"
  onSubmit={[Function]}
>
  <fieldset
    aria-busy={false}
    disabled={false}
  >
    <h2>
      Sign Up For An Account
    </h2>
    <Error
      error={Object {}}
    />
    <label
      htmlFor="name"
    >
      Name
      <input
        name="name"
        onChange={[Function]}
        placeholder="Name"
        type="text"
        value=""
      />
    </label>
    <label
      htmlFor="email"
    >
      Email
      <input
        name="email"
        onChange={[Function]}
        placeholder="E-Mail"
        type="email"
        value=""
      />
    </label>
    <label
      htmlFor="password"
    >
      Password
      <input
        name="password"
        onChange={[Function]}
        placeholder="Password"
        type="password"
        value=""
      />
    </label>
    <button
      type="submit"
    >
      Sign Up
    </button>
  </fieldset>
</form>
`;
