// Jest Snapshot v1, https://goo.gl/fbAQLP

exports[`<SingleItem /> errors with a not found item 1`] = `
<p
  data-test="graphql-error"
>
  <strong>
    Shoot!Â 
  </strong>
  Item Not Found!
</p>
`;

exports[`<SingleItem /> renders with proper data 1`] = `
<h2>
  Dogs are the best!
</h2>
`;

exports[`<SingleItem /> renders with proper data 2`] = `
<img
  alt="Dogs are the best!"
  src="dog.jpg"
/>
`;

exports[`<SingleItem /> renders with proper data 3`] = `
<p>
  Dogs
</p>
`;
